<?xml version="1.0" encoding="UTF-8"?>
<program language="IPPcode22">
    <instruction opcode='ADD' order='1'>
        <arg1 type='var'>GF@a</arg1>
        <arg2 type='int'>123</arg2>
        <arg3 type='int'>456</arg3>
    </instruction>
    <instruction opcode='SUB' order='2'>
        <arg1 type='var'>GF@a</arg1>
        <arg2 type='string'>abc</arg2>
        <arg3 type='string'>def</arg3>
    </instruction>
    <instruction opcode='MUL' order='3'>
        <arg1 type='var'>GF@a</arg1>
        <arg2 type='bool'>true</arg2>
        <arg3 type='bool'>false</arg3>
    </instruction>
    <instruction opcode='IDIV' order='4'>
        <arg1 type='var'>LF@a</arg1>
        <arg2 type='int'>123</arg2>
        <arg3 type='int'>456</arg3>
    </instruction>
    <instruction opcode='LT' order='5'>
        <arg1 type='var'>TF@ab</arg1>
        <arg2 type='int'>+123</arg2>
        <arg3 type='int'>-456</arg3>
    </instruction>
    <instruction opcode='GT' order='6'>
        <arg1 type='var'>TF@ab</arg1>
        <arg2 type='int'>123</arg2>
        <arg3 type='int'>456</arg3>
    </instruction>
    <instruction opcode='EQ' order='7'>
        <arg1 type='var'>TF@ab</arg1>
        <arg2 type='int'>123</arg2>
        <arg3 type='int'>456</arg3>
    </instruction>
    <instruction opcode='AND' order='8'>
        <arg1 type='var'>TF@ab</arg1>
        <arg2 type='int'>123</arg2>
        <arg3 type='int'>456</arg3>
    </instruction>
    <instruction opcode='OR' order='9'>
        <arg1 type='var'>TF@ab</arg1>
        <arg2 type='int'>123</arg2>
        <arg3 type='int'>456</arg3>
    </instruction>
    <instruction opcode='NOT' order='10'>
        <arg1 type='var'>TF@ab</arg1>
        <arg2 type='bool'>true</arg2>
    </instruction>
</program>