<?xml version="1.0" encoding="UTF-8"?>
<program language="IPPcode22">
    <instruction opcode='ADD' order='1'>
        <arg1 type='var'>GF@b</arg1>
        <arg2 type='int'>123</arg2>
        <arg3 type='string'>def</arg3>
    </instruction>
</program>