<?xml version="1.0" encoding="UTF-8"?>
<program language="IPPcode22">
    <instruction opcode='JUMP' order='1'>
        <arg1 type='label'>fact_end</arg1>
    </instruction>
    <instruction opcode='LABEL' order='2'>
        <arg1 type='label'>fact</arg1>
    </instruction>
    <instruction opcode='PUSHFRAME' order='3'>
    </instruction>
    <instruction opcode='DEFVAR' order='4'>
        <arg1 type='var'>LF@result</arg1>
    </instruction>
    <instruction opcode='MOVE' order='5'>
        <arg1 type='var'>LF@result</arg1>
        <arg2 type='int'>1</arg2>
    </instruction>
    <instruction opcode='DEFVAR' order='6'>
        <arg1 type='var'>LF@currentnumber</arg1>
    </instruction>
    <instruction opcode='POPS' order='7'>
        <arg1 type='var'>LF@currentnumber</arg1>
    </instruction>

    <instruction opcode='LABEL' order='8'>
        <arg1 type='label'>cycle</arg1>
    </instruction>

    <instruction opcode='MUL' order='9'>
        <arg1 type='var'>LF@result</arg1>
        <arg2 type='var'>LF@result</arg2>
        <arg3 type='var'>LF@currentnumber</arg3>
    </instruction>
    <instruction opcode='SUB' order='10'>
        <arg1 type='var'>LF@currentnumber</arg1>
        <arg2 type='var'>LF@currentnumber</arg2>
        <arg3 type='int'>1</arg3>
    </instruction>
    <instruction opcode='JUMPIFNEQ' order='11'>
        <arg1 type='label'>cycle</arg1>
        <arg2 type='var'>LF@currentnumber</arg2>
        <arg3 type='int'>1</arg3>
    </instruction>

    <instruction opcode='PUSHS' order='12'>
        <arg1 type='var'>LF@result</arg1>
    </instruction>

    <instruction opcode='POPFRAME' order='13'>
    </instruction>

    <instruction opcode='RETURN' order='14'>
    </instruction>

    <instruction opcode='LABEL' order='15'>
        <arg1 type='label'>fact_end</arg1>
    </instruction>

    <instruction opcode='DEFVAR' order='16'>
        <arg1 type='var'>GF@start</arg1>
    </instruction>

    <instruction opcode='READ' order='17'>
        <arg1 type='var'>GF@start</arg1>
        <arg2 type='type'>int</arg2>
    </instruction>

    <instruction opcode='PUSHS' order='18'>
        <arg1 type='var'>GF@start</arg1>
    </instruction>


    <instruction opcode='CALL' order='19'>
        <arg1 type='label'>fact</arg1>
    </instruction>

    <instruction opcode='DEFVAR' order='20'>
        <arg1 type='var'>GF@result</arg1>
    </instruction>

    <instruction opcode='POPS' order='21'>
        <arg1 type='var'>GF@result</arg1>
    </instruction>

    <instruction opcode='WRITE' order='22'>
        <arg1 type='var'>GF@result</arg1>
    </instruction>

</program>