<?xml version="1.0" encoding="UTF-8"?>
<program language="IPPcode22">

    <instruction opcode='ADD' order='1'>
        <arg1 type='var'>GF@var</arg1>
        <arg2 type='int'>0x123ABC</arg2>
        <arg3 type='int'>-42</arg3>
    </instruction>

    <instruction opcode='ADD' order='2'>
        <arg1 type='var'>GF@var</arg1>
        <arg2 type='int'>-0x123ABC</arg2>
        <arg3 type='int'>+42</arg3>
    </instruction>

    <instruction opcode='ADD' order='3'>
        <arg1 type='var'>GF@var</arg1>
        <arg2 type='int'>+01234567</arg2>
        <arg3 type='int'>0o1234567</arg3>
    </instruction>

    <instruction opcode='ADD' order='4'>
        <arg1 type='var'>GF@var</arg1>
        <arg2 type='int'>12</arg2>
        <arg3 type='int'>+0o777</arg3>
    </instruction>

    <instruction opcode='ADD' order='5'>
        <arg1 type='var'>GF@var</arg1>
        <arg2 type='int'>-123_789_899</arg2>
        <arg3 type='int'>1_234</arg3>
    </instruction>

    <instruction opcode='ADD' order='6'>
        <arg1 type='var'>GF@var</arg1>
        <arg2 type='int'>0xABCDEF</arg2>
        <arg3 type='int'>0xABC_DEF</arg3>
    </instruction>

    <instruction opcode='ADD' order='7'>
        <arg1 type='var'>GF@var</arg1>
        <arg2 type='int'>0</arg2>
        <arg3 type='int'>nil</arg3>
    </instruction>

</program>
